Archive member included because of file (symbol)

c:/program files (x86)/atmel/atmel toolchain/avr8 gcc/native/3.4.1061/avr8-gnu-toolchain/bin/../lib/gcc/avr/4.8.1/avr5\libgcc.a(_divmodsi4.o)
                              Lab3_2.o (__divmodsi4)
c:/program files (x86)/atmel/atmel toolchain/avr8 gcc/native/3.4.1061/avr8-gnu-toolchain/bin/../lib/gcc/avr/4.8.1/avr5\libgcc.a(_negsi2.o)
                              c:/program files (x86)/atmel/atmel toolchain/avr8 gcc/native/3.4.1061/avr8-gnu-toolchain/bin/../lib/gcc/avr/4.8.1/avr5\libgcc.a(_divmodsi4.o) (__negsi2)
c:/program files (x86)/atmel/atmel toolchain/avr8 gcc/native/3.4.1061/avr8-gnu-toolchain/bin/../lib/gcc/avr/4.8.1/avr5\libgcc.a(_exit.o)
                              c:/program files (x86)/atmel/atmel toolchain/avr8 gcc/native/3.4.1061/avr8-gnu-toolchain/bin/../lib/gcc/avr/4.8.1/../../../../avr/lib/avr5/crtm169p.o (exit)
c:/program files (x86)/atmel/atmel toolchain/avr8 gcc/native/3.4.1061/avr8-gnu-toolchain/bin/../lib/gcc/avr/4.8.1/avr5\libgcc.a(_copy_data.o)
                              Lab3_2.o (__do_copy_data)
c:/program files (x86)/atmel/atmel toolchain/avr8 gcc/native/3.4.1061/avr8-gnu-toolchain/bin/../lib/gcc/avr/4.8.1/avr5\libgcc.a(_clear_bss.o)
                              Lab3_2.o (__do_clear_bss)
c:/program files (x86)/atmel/atmel toolchain/avr8 gcc/native/3.4.1061/avr8-gnu-toolchain/bin/../lib/gcc/avr/4.8.1/avr5\libgcc.a(_udivmodsi4.o)
                              c:/program files (x86)/atmel/atmel toolchain/avr8 gcc/native/3.4.1061/avr8-gnu-toolchain/bin/../lib/gcc/avr/4.8.1/avr5\libgcc.a(_divmodsi4.o) (__udivmodsi4)
c:/program files (x86)/atmel/atmel toolchain/avr8 gcc/native/3.4.1061/avr8-gnu-toolchain/bin/../lib/gcc/avr/4.8.1/../../../../avr/lib/avr5\libc.a(setjmp.o)
                              tinythreads.o (setjmp)

Allocating common symbols
Common symbol       size              file

initp               0x6d              tinythreads.o
threads             0x1b4             tinythreads.o

Discarded input sections

 .data          0x00000000        0x0 c:/program files (x86)/atmel/atmel toolchain/avr8 gcc/native/3.4.1061/avr8-gnu-toolchain/bin/../lib/gcc/avr/4.8.1/../../../../avr/lib/avr5/crtm169p.o
 .bss           0x00000000        0x0 c:/program files (x86)/atmel/atmel toolchain/avr8 gcc/native/3.4.1061/avr8-gnu-toolchain/bin/../lib/gcc/avr/4.8.1/../../../../avr/lib/avr5/crtm169p.o
 .text          0x00000000        0x0 Lab3_2.o
 .data          0x00000000        0x0 Lab3_2.o
 .bss           0x00000000        0x0 Lab3_2.o
 .text.writeLong
                0x00000000       0xa4 Lab3_2.o
 .text.primescont
                0x00000000       0x30 Lab3_2.o
 .text.buttoncont
                0x00000000       0x34 Lab3_2.o
 .text.blinkcont
                0x00000000       0x38 Lab3_2.o
 .text.combined
                0x00000000       0xa2 Lab3_2.o
 .text          0x00000000        0x0 Lab3_2.o
 .data          0x00000000        0x0 Lab3_2.o
 .bss           0x00000000        0x0 Lab3_2.o
 .text.blink    0x00000000       0x1c Lab3_2.o
 .text.LCD_init
                0x00000000       0x1a Lab3_2.o
 .text.writeLong
                0x00000000       0xa4 Lab3_2.o
 .text.is_prime
                0x00000000       0x98 Lab3_2.o
 .rodata        0x00000000       0x14 Lab3_2.o
 .text.writeChar
                0x00000000      0x2c6 Lab3_2.o
 .text.printAt  0x00000000       0x68 Lab3_2.o
 .text.computePrimes
                0x00000000       0x2c Lab3_2.o
 .text.button   0x00000000       0x22 Lab3_2.o
 .text.primescont
                0x00000000       0x30 Lab3_2.o
 .text.buttoncont
                0x00000000       0x34 Lab3_2.o
 .text.blinkcont
                0x00000000       0x38 Lab3_2.o
 .text.combined
                0x00000000       0xa2 Lab3_2.o
 .text.T_int_init
                0x00000000       0x28 Lab3_2.o
 .text.__vector_7
                0x00000000       0x50 Lab3_2.o
 .text.B_int_init
                0x00000000        0xc Lab3_2.o
 .text.__vector_3
                0x00000000       0x54 Lab3_2.o
 .text.main     0x00000000       0x46 Lab3_2.o
 .bss.mbutton   0x00000000        0x4 Lab3_2.o
 .bss.mblink    0x00000000        0x4 Lab3_2.o
 .debug_info    0x00000000      0x789 Lab3_2.o
 .debug_abbrev  0x00000000      0x259 Lab3_2.o
 .debug_loc     0x00000000      0x86c Lab3_2.o
 .debug_aranges
                0x00000000       0xa0 Lab3_2.o
 .debug_ranges  0x00000000       0xa8 Lab3_2.o
 .debug_line    0x00000000      0x27c Lab3_2.o
 .debug_str     0x00000000      0x2b9 Lab3_2.o
 .comment       0x00000000       0x31 Lab3_2.o
 .debug_frame   0x00000000      0x240 Lab3_2.o
 .text          0x00000000        0x0 Lab3_2.o
 .data          0x00000000        0x0 Lab3_2.o
 .bss           0x00000000        0x0 Lab3_2.o
 .text.blink    0x00000000       0x1c Lab3_2.o
 .text.LCD_init
                0x00000000       0x1a Lab3_2.o
 .text.writeLong
                0x00000000       0xa4 Lab3_2.o
 .text.is_prime
                0x00000000       0x98 Lab3_2.o
 .rodata        0x00000000       0x14 Lab3_2.o
 .text.writeChar
                0x00000000      0x2c6 Lab3_2.o
 .text.printAt  0x00000000       0x68 Lab3_2.o
 .text.computePrimes
                0x00000000       0x2c Lab3_2.o
 .text.button   0x00000000       0x22 Lab3_2.o
 .text.primescont
                0x00000000       0x30 Lab3_2.o
 .text.buttoncont
                0x00000000       0x34 Lab3_2.o
 .text.blinkcont
                0x00000000       0x38 Lab3_2.o
 .text.combined
                0x00000000       0xa2 Lab3_2.o
 .text.T_int_init
                0x00000000       0x28 Lab3_2.o
 .text.__vector_7
                0x00000000       0x50 Lab3_2.o
 .text.B_int_init
                0x00000000        0xc Lab3_2.o
 .text.__vector_3
                0x00000000       0x54 Lab3_2.o
 .text.main     0x00000000       0x46 Lab3_2.o
 .bss.mbutton   0x00000000        0x4 Lab3_2.o
 .bss.mblink    0x00000000        0x4 Lab3_2.o
 .debug_info    0x00000000      0x789 Lab3_2.o
 .debug_abbrev  0x00000000      0x259 Lab3_2.o
 .debug_loc     0x00000000      0x86c Lab3_2.o
 .debug_aranges
                0x00000000       0xa0 Lab3_2.o
 .debug_ranges  0x00000000       0xa8 Lab3_2.o
 .debug_line    0x00000000      0x27c Lab3_2.o
 .debug_str     0x00000000      0x2b9 Lab3_2.o
 .comment       0x00000000       0x31 Lab3_2.o
 .debug_frame   0x00000000      0x240 Lab3_2.o
 .text          0x00000000        0x0 Lab3_2.o
 .data          0x00000000        0x0 Lab3_2.o
 .bss           0x00000000        0x0 Lab3_2.o
 .text.blink    0x00000000       0x1c Lab3_2.o
 .text.LCD_init
                0x00000000       0x1a Lab3_2.o
 .text.writeLong
                0x00000000       0xa4 Lab3_2.o
 .text.is_prime
                0x00000000       0x98 Lab3_2.o
 .rodata        0x00000000       0x14 Lab3_2.o
 .text.writeChar
                0x00000000      0x2c6 Lab3_2.o
 .text.printAt  0x00000000       0x68 Lab3_2.o
 .text.computePrimes
                0x00000000       0x2c Lab3_2.o
 .text.button   0x00000000       0x22 Lab3_2.o
 .text.primescont
                0x00000000       0x30 Lab3_2.o
 .text.buttoncont
                0x00000000       0x34 Lab3_2.o
 .text.blinkcont
                0x00000000       0x38 Lab3_2.o
 .text.combined
                0x00000000       0xa2 Lab3_2.o
 .text.T_int_init
                0x00000000       0x28 Lab3_2.o
 .text.__vector_7
                0x00000000       0x50 Lab3_2.o
 .text.B_int_init
                0x00000000        0xc Lab3_2.o
 .text.__vector_3
                0x00000000       0x54 Lab3_2.o
 .text.main     0x00000000       0x46 Lab3_2.o
 .bss.mbutton   0x00000000        0x4 Lab3_2.o
 .bss.mblink    0x00000000        0x4 Lab3_2.o
 .debug_info    0x00000000      0x789 Lab3_2.o
 .debug_abbrev  0x00000000      0x259 Lab3_2.o
 .debug_loc     0x00000000      0x86c Lab3_2.o
 .debug_aranges
                0x00000000       0xa0 Lab3_2.o
 .debug_ranges  0x00000000       0xa8 Lab3_2.o
 .debug_line    0x00000000      0x27c Lab3_2.o
 .debug_str     0x00000000      0x2b9 Lab3_2.o
 .comment       0x00000000       0x31 Lab3_2.o
 .debug_frame   0x00000000      0x240 Lab3_2.o
 .text          0x00000000        0x0 Lab3_2.o
 .data          0x00000000        0x0 Lab3_2.o
 .bss           0x00000000        0x0 Lab3_2.o
 .text.blink    0x00000000       0x1c Lab3_2.o
 .text.LCD_init
                0x00000000       0x1a Lab3_2.o
 .text.writeLong
                0x00000000       0xa4 Lab3_2.o
 .text.is_prime
                0x00000000       0x98 Lab3_2.o
 .rodata        0x00000000       0x14 Lab3_2.o
 .text.writeChar
                0x00000000      0x2c6 Lab3_2.o
 .text.printAt  0x00000000       0x68 Lab3_2.o
 .text.computePrimes
                0x00000000       0x2c Lab3_2.o
 .text.button   0x00000000       0x22 Lab3_2.o
 .text.primescont
                0x00000000       0x30 Lab3_2.o
 .text.buttoncont
                0x00000000       0x34 Lab3_2.o
 .text.blinkcont
                0x00000000       0x38 Lab3_2.o
 .text.combined
                0x00000000       0xa2 Lab3_2.o
 .text.T_int_init
                0x00000000       0x28 Lab3_2.o
 .text.__vector_7
                0x00000000       0x50 Lab3_2.o
 .text.B_int_init
                0x00000000        0xc Lab3_2.o
 .text.__vector_3
                0x00000000       0x54 Lab3_2.o
 .text.main     0x00000000       0x46 Lab3_2.o
 .bss.mbutton   0x00000000        0x4 Lab3_2.o
 .bss.mblink    0x00000000        0x4 Lab3_2.o
 .debug_info    0x00000000      0x789 Lab3_2.o
 .debug_abbrev  0x00000000      0x259 Lab3_2.o
 .debug_loc     0x00000000      0x86c Lab3_2.o
 .debug_aranges
                0x00000000       0xa0 Lab3_2.o
 .debug_ranges  0x00000000       0xa8 Lab3_2.o
 .debug_line    0x00000000      0x27c Lab3_2.o
 .debug_str     0x00000000      0x2b9 Lab3_2.o
 .comment       0x00000000       0x31 Lab3_2.o
 .debug_frame   0x00000000      0x240 Lab3_2.o
 .text          0x00000000        0x0 Lab3_2.o
 .data          0x00000000        0x0 Lab3_2.o
 .bss           0x00000000        0x0 Lab3_2.o
 .text.blink    0x00000000       0x1c Lab3_2.o
 .text.LCD_init
                0x00000000       0x1a Lab3_2.o
 .text.writeLong
                0x00000000       0xa4 Lab3_2.o
 .text.is_prime
                0x00000000       0x98 Lab3_2.o
 .rodata        0x00000000       0x14 Lab3_2.o
 .text.writeChar
                0x00000000      0x2c6 Lab3_2.o
 .text.printAt  0x00000000       0x68 Lab3_2.o
 .text.computePrimes
                0x00000000       0x2c Lab3_2.o
 .text.button   0x00000000       0x22 Lab3_2.o
 .text.primescont
                0x00000000       0x30 Lab3_2.o
 .text.buttoncont
                0x00000000       0x34 Lab3_2.o
 .text.blinkcont
                0x00000000       0x38 Lab3_2.o
 .text.combined
                0x00000000       0xa2 Lab3_2.o
 .text.T_int_init
                0x00000000       0x28 Lab3_2.o
 .text.__vector_7
                0x00000000       0x50 Lab3_2.o
 .text.B_int_init
                0x00000000        0xc Lab3_2.o
 .text.__vector_3
                0x00000000       0x54 Lab3_2.o
 .text.main     0x00000000       0x46 Lab3_2.o
 .bss.mbutton   0x00000000        0x4 Lab3_2.o
 .bss.mblink    0x00000000        0x4 Lab3_2.o
 .debug_info    0x00000000      0x789 Lab3_2.o
 .debug_abbrev  0x00000000      0x259 Lab3_2.o
 .debug_loc     0x00000000      0x86c Lab3_2.o
 .debug_aranges
                0x00000000       0xa0 Lab3_2.o
 .debug_ranges  0x00000000       0xa8 Lab3_2.o
 .debug_line    0x00000000      0x27c Lab3_2.o
 .debug_str     0x00000000      0x2b9 Lab3_2.o
 .comment       0x00000000       0x31 Lab3_2.o
 .debug_frame   0x00000000      0x240 Lab3_2.o
 .text          0x00000000        0x0 tinythreads.o
 .data          0x00000000        0x0 tinythreads.o
 .bss           0x00000000        0x0 tinythreads.o
 .text.checktint
                0x00000000        0xa tinythreads.o
 .text.resettint
                0x00000000        0xa tinythreads.o
 .bss.T_inter   0x00000000        0x2 tinythreads.o
 .text          0x00000000        0x0 c:/program files (x86)/atmel/atmel toolchain/avr8 gcc/native/3.4.1061/avr8-gnu-toolchain/bin/../lib/gcc/avr/4.8.1/avr5\libgcc.a(_divmodsi4.o)
 .data          0x00000000        0x0 c:/program files (x86)/atmel/atmel toolchain/avr8 gcc/native/3.4.1061/avr8-gnu-toolchain/bin/../lib/gcc/avr/4.8.1/avr5\libgcc.a(_divmodsi4.o)
 .bss           0x00000000        0x0 c:/program files (x86)/atmel/atmel toolchain/avr8 gcc/native/3.4.1061/avr8-gnu-toolchain/bin/../lib/gcc/avr/4.8.1/avr5\libgcc.a(_divmodsi4.o)
 .text.libgcc.mul
                0x00000000        0x0 c:/program files (x86)/atmel/atmel toolchain/avr8 gcc/native/3.4.1061/avr8-gnu-toolchain/bin/../lib/gcc/avr/4.8.1/avr5\libgcc.a(_divmodsi4.o)
 .text.libgcc   0x00000000        0x0 c:/program files (x86)/atmel/atmel toolchain/avr8 gcc/native/3.4.1061/avr8-gnu-toolchain/bin/../lib/gcc/avr/4.8.1/avr5\libgcc.a(_divmodsi4.o)
 .text.libgcc.prologue
                0x00000000        0x0 c:/program files (x86)/atmel/atmel toolchain/avr8 gcc/native/3.4.1061/avr8-gnu-toolchain/bin/../lib/gcc/avr/4.8.1/avr5\libgcc.a(_divmodsi4.o)
 .text.libgcc.builtins
                0x00000000        0x0 c:/program files (x86)/atmel/atmel toolchain/avr8 gcc/native/3.4.1061/avr8-gnu-toolchain/bin/../lib/gcc/avr/4.8.1/avr5\libgcc.a(_divmodsi4.o)
 .text.libgcc.fmul
                0x00000000        0x0 c:/program files (x86)/atmel/atmel toolchain/avr8 gcc/native/3.4.1061/avr8-gnu-toolchain/bin/../lib/gcc/avr/4.8.1/avr5\libgcc.a(_divmodsi4.o)
 .text.libgcc.fixed
                0x00000000        0x0 c:/program files (x86)/atmel/atmel toolchain/avr8 gcc/native/3.4.1061/avr8-gnu-toolchain/bin/../lib/gcc/avr/4.8.1/avr5\libgcc.a(_divmodsi4.o)
 .text          0x00000000        0x0 c:/program files (x86)/atmel/atmel toolchain/avr8 gcc/native/3.4.1061/avr8-gnu-toolchain/bin/../lib/gcc/avr/4.8.1/avr5\libgcc.a(_negsi2.o)
 .data          0x00000000        0x0 c:/program files (x86)/atmel/atmel toolchain/avr8 gcc/native/3.4.1061/avr8-gnu-toolchain/bin/../lib/gcc/avr/4.8.1/avr5\libgcc.a(_negsi2.o)
 .bss           0x00000000        0x0 c:/program files (x86)/atmel/atmel toolchain/avr8 gcc/native/3.4.1061/avr8-gnu-toolchain/bin/../lib/gcc/avr/4.8.1/avr5\libgcc.a(_negsi2.o)
 .text.libgcc.mul
                0x00000000        0x0 c:/program files (x86)/atmel/atmel toolchain/avr8 gcc/native/3.4.1061/avr8-gnu-toolchain/bin/../lib/gcc/avr/4.8.1/avr5\libgcc.a(_negsi2.o)
 .text.libgcc   0x00000000        0x0 c:/program files (x86)/atmel/atmel toolchain/avr8 gcc/native/3.4.1061/avr8-gnu-toolchain/bin/../lib/gcc/avr/4.8.1/avr5\libgcc.a(_negsi2.o)
 .text.libgcc.prologue
                0x00000000        0x0 c:/program files (x86)/atmel/atmel toolchain/avr8 gcc/native/3.4.1061/avr8-gnu-toolchain/bin/../lib/gcc/avr/4.8.1/avr5\libgcc.a(_negsi2.o)
 .text.libgcc.builtins
                0x00000000        0x0 c:/program files (x86)/atmel/atmel toolchain/avr8 gcc/native/3.4.1061/avr8-gnu-toolchain/bin/../lib/gcc/avr/4.8.1/avr5\libgcc.a(_negsi2.o)
 .text.libgcc.fmul
                0x00000000        0x0 c:/program files (x86)/atmel/atmel toolchain/avr8 gcc/native/3.4.1061/avr8-gnu-toolchain/bin/../lib/gcc/avr/4.8.1/avr5\libgcc.a(_negsi2.o)
 .text.libgcc.fixed
                0x00000000        0x0 c:/program files (x86)/atmel/atmel toolchain/avr8 gcc/native/3.4.1061/avr8-gnu-toolchain/bin/../lib/gcc/avr/4.8.1/avr5\libgcc.a(_negsi2.o)
 .text          0x00000000        0x0 c:/program files (x86)/atmel/atmel toolchain/avr8 gcc/native/3.4.1061/avr8-gnu-toolchain/bin/../lib/gcc/avr/4.8.1/avr5\libgcc.a(_exit.o)
 .data          0x00000000        0x0 c:/program files (x86)/atmel/atmel toolchain/avr8 gcc/native/3.4.1061/avr8-gnu-toolchain/bin/../lib/gcc/avr/4.8.1/avr5\libgcc.a(_exit.o)
 .bss           0x00000000        0x0 c:/program files (x86)/atmel/atmel toolchain/avr8 gcc/native/3.4.1061/avr8-gnu-toolchain/bin/../lib/gcc/avr/4.8.1/avr5\libgcc.a(_exit.o)
 .text.libgcc.mul
                0x00000000        0x0 c:/program files (x86)/atmel/atmel toolchain/avr8 gcc/native/3.4.1061/avr8-gnu-toolchain/bin/../lib/gcc/avr/4.8.1/avr5\libgcc.a(_exit.o)
 .text.libgcc.div
                0x00000000        0x0 c:/program files (x86)/atmel/atmel toolchain/avr8 gcc/native/3.4.1061/avr8-gnu-toolchain/bin/../lib/gcc/avr/4.8.1/avr5\libgcc.a(_exit.o)
 .text.libgcc   0x00000000        0x0 c:/program files (x86)/atmel/atmel toolchain/avr8 gcc/native/3.4.1061/avr8-gnu-toolchain/bin/../lib/gcc/avr/4.8.1/avr5\libgcc.a(_exit.o)
 .text.libgcc.prologue
                0x00000000        0x0 c:/program files (x86)/atmel/atmel toolchain/avr8 gcc/native/3.4.1061/avr8-gnu-toolchain/bin/../lib/gcc/avr/4.8.1/avr5\libgcc.a(_exit.o)
 .text.libgcc.builtins
                0x00000000        0x0 c:/program files (x86)/atmel/atmel toolchain/avr8 gcc/native/3.4.1061/avr8-gnu-toolchain/bin/../lib/gcc/avr/4.8.1/avr5\libgcc.a(_exit.o)
 .text.libgcc.fmul
                0x00000000        0x0 c:/program files (x86)/atmel/atmel toolchain/avr8 gcc/native/3.4.1061/avr8-gnu-toolchain/bin/../lib/gcc/avr/4.8.1/avr5\libgcc.a(_exit.o)
 .text.libgcc.fixed
                0x00000000        0x0 c:/program files (x86)/atmel/atmel toolchain/avr8 gcc/native/3.4.1061/avr8-gnu-toolchain/bin/../lib/gcc/avr/4.8.1/avr5\libgcc.a(_exit.o)
 .text          0x00000000        0x0 c:/program files (x86)/atmel/atmel toolchain/avr8 gcc/native/3.4.1061/avr8-gnu-toolchain/bin/../lib/gcc/avr/4.8.1/avr5\libgcc.a(_copy_data.o)
 .data          0x00000000        0x0 c:/program files (x86)/atmel/atmel toolchain/avr8 gcc/native/3.4.1061/avr8-gnu-toolchain/bin/../lib/gcc/avr/4.8.1/avr5\libgcc.a(_copy_data.o)
 .bss           0x00000000        0x0 c:/program files (x86)/atmel/atmel toolchain/avr8 gcc/native/3.4.1061/avr8-gnu-toolchain/bin/../lib/gcc/avr/4.8.1/avr5\libgcc.a(_copy_data.o)
 .text.libgcc.mul
                0x00000000        0x0 c:/program files (x86)/atmel/atmel toolchain/avr8 gcc/native/3.4.1061/avr8-gnu-toolchain/bin/../lib/gcc/avr/4.8.1/avr5\libgcc.a(_copy_data.o)
 .text.libgcc.div
                0x00000000        0x0 c:/program files (x86)/atmel/atmel toolchain/avr8 gcc/native/3.4.1061/avr8-gnu-toolchain/bin/../lib/gcc/avr/4.8.1/avr5\libgcc.a(_copy_data.o)
 .text.libgcc   0x00000000        0x0 c:/program files (x86)/atmel/atmel toolchain/avr8 gcc/native/3.4.1061/avr8-gnu-toolchain/bin/../lib/gcc/avr/4.8.1/avr5\libgcc.a(_copy_data.o)
 .text.libgcc.prologue
                0x00000000        0x0 c:/program files (x86)/atmel/atmel toolchain/avr8 gcc/native/3.4.1061/avr8-gnu-toolchain/bin/../lib/gcc/avr/4.8.1/avr5\libgcc.a(_copy_data.o)
 .text.libgcc.builtins
                0x00000000        0x0 c:/program files (x86)/atmel/atmel toolchain/avr8 gcc/native/3.4.1061/avr8-gnu-toolchain/bin/../lib/gcc/avr/4.8.1/avr5\libgcc.a(_copy_data.o)
 .text.libgcc.fmul
                0x00000000        0x0 c:/program files (x86)/atmel/atmel toolchain/avr8 gcc/native/3.4.1061/avr8-gnu-toolchain/bin/../lib/gcc/avr/4.8.1/avr5\libgcc.a(_copy_data.o)
 .text.libgcc.fixed
                0x00000000        0x0 c:/program files (x86)/atmel/atmel toolchain/avr8 gcc/native/3.4.1061/avr8-gnu-toolchain/bin/../lib/gcc/avr/4.8.1/avr5\libgcc.a(_copy_data.o)
 .text          0x00000000        0x0 c:/program files (x86)/atmel/atmel toolchain/avr8 gcc/native/3.4.1061/avr8-gnu-toolchain/bin/../lib/gcc/avr/4.8.1/avr5\libgcc.a(_clear_bss.o)
 .data          0x00000000        0x0 c:/program files (x86)/atmel/atmel toolchain/avr8 gcc/native/3.4.1061/avr8-gnu-toolchain/bin/../lib/gcc/avr/4.8.1/avr5\libgcc.a(_clear_bss.o)
 .bss           0x00000000        0x0 c:/program files (x86)/atmel/atmel toolchain/avr8 gcc/native/3.4.1061/avr8-gnu-toolchain/bin/../lib/gcc/avr/4.8.1/avr5\libgcc.a(_clear_bss.o)
 .text.libgcc.mul
                0x00000000        0x0 c:/program files (x86)/atmel/atmel toolchain/avr8 gcc/native/3.4.1061/avr8-gnu-toolchain/bin/../lib/gcc/avr/4.8.1/avr5\libgcc.a(_clear_bss.o)
 .text.libgcc.div
                0x00000000        0x0 c:/program files (x86)/atmel/atmel toolchain/avr8 gcc/native/3.4.1061/avr8-gnu-toolchain/bin/../lib/gcc/avr/4.8.1/avr5\libgcc.a(_clear_bss.o)
 .text.libgcc   0x00000000        0x0 c:/program files (x86)/atmel/atmel toolchain/avr8 gcc/native/3.4.1061/avr8-gnu-toolchain/bin/../lib/gcc/avr/4.8.1/avr5\libgcc.a(_clear_bss.o)
 .text.libgcc.prologue
                0x00000000        0x0 c:/program files (x86)/atmel/atmel toolchain/avr8 gcc/native/3.4.1061/avr8-gnu-toolchain/bin/../lib/gcc/avr/4.8.1/avr5\libgcc.a(_clear_bss.o)
 .text.libgcc.builtins
                0x00000000        0x0 c:/program files (x86)/atmel/atmel toolchain/avr8 gcc/native/3.4.1061/avr8-gnu-toolchain/bin/../lib/gcc/avr/4.8.1/avr5\libgcc.a(_clear_bss.o)
 .text.libgcc.fmul
                0x00000000        0x0 c:/program files (x86)/atmel/atmel toolchain/avr8 gcc/native/3.4.1061/avr8-gnu-toolchain/bin/../lib/gcc/avr/4.8.1/avr5\libgcc.a(_clear_bss.o)
 .text.libgcc.fixed
                0x00000000        0x0 c:/program files (x86)/atmel/atmel toolchain/avr8 gcc/native/3.4.1061/avr8-gnu-toolchain/bin/../lib/gcc/avr/4.8.1/avr5\libgcc.a(_clear_bss.o)
 .text          0x00000000        0x0 c:/program files (x86)/atmel/atmel toolchain/avr8 gcc/native/3.4.1061/avr8-gnu-toolchain/bin/../lib/gcc/avr/4.8.1/avr5\libgcc.a(_udivmodsi4.o)
 .data          0x00000000        0x0 c:/program files (x86)/atmel/atmel toolchain/avr8 gcc/native/3.4.1061/avr8-gnu-toolchain/bin/../lib/gcc/avr/4.8.1/avr5\libgcc.a(_udivmodsi4.o)
 .bss           0x00000000        0x0 c:/program files (x86)/atmel/atmel toolchain/avr8 gcc/native/3.4.1061/avr8-gnu-toolchain/bin/../lib/gcc/avr/4.8.1/avr5\libgcc.a(_udivmodsi4.o)
 .text.libgcc.mul
                0x00000000        0x0 c:/program files (x86)/atmel/atmel toolchain/avr8 gcc/native/3.4.1061/avr8-gnu-toolchain/bin/../lib/gcc/avr/4.8.1/avr5\libgcc.a(_udivmodsi4.o)
 .text.libgcc   0x00000000        0x0 c:/program files (x86)/atmel/atmel toolchain/avr8 gcc/native/3.4.1061/avr8-gnu-toolchain/bin/../lib/gcc/avr/4.8.1/avr5\libgcc.a(_udivmodsi4.o)
 .text.libgcc.prologue
                0x00000000        0x0 c:/program files (x86)/atmel/atmel toolchain/avr8 gcc/native/3.4.1061/avr8-gnu-toolchain/bin/../lib/gcc/avr/4.8.1/avr5\libgcc.a(_udivmodsi4.o)
 .text.libgcc.builtins
                0x00000000        0x0 c:/program files (x86)/atmel/atmel toolchain/avr8 gcc/native/3.4.1061/avr8-gnu-toolchain/bin/../lib/gcc/avr/4.8.1/avr5\libgcc.a(_udivmodsi4.o)
 .text.libgcc.fmul
                0x00000000        0x0 c:/program files (x86)/atmel/atmel toolchain/avr8 gcc/native/3.4.1061/avr8-gnu-toolchain/bin/../lib/gcc/avr/4.8.1/avr5\libgcc.a(_udivmodsi4.o)
 .text.libgcc.fixed
                0x00000000        0x0 c:/program files (x86)/atmel/atmel toolchain/avr8 gcc/native/3.4.1061/avr8-gnu-toolchain/bin/../lib/gcc/avr/4.8.1/avr5\libgcc.a(_udivmodsi4.o)
 .text          0x00000000        0x0 c:/program files (x86)/atmel/atmel toolchain/avr8 gcc/native/3.4.1061/avr8-gnu-toolchain/bin/../lib/gcc/avr/4.8.1/../../../../avr/lib/avr5\libc.a(setjmp.o)
 .data          0x00000000        0x0 c:/program files (x86)/atmel/atmel toolchain/avr8 gcc/native/3.4.1061/avr8-gnu-toolchain/bin/../lib/gcc/avr/4.8.1/../../../../avr/lib/avr5\libc.a(setjmp.o)
 .bss           0x00000000        0x0 c:/program files (x86)/atmel/atmel toolchain/avr8 gcc/native/3.4.1061/avr8-gnu-toolchain/bin/../lib/gcc/avr/4.8.1/../../../../avr/lib/avr5\libc.a(setjmp.o)

Memory Configuration

Name             Origin             Length             Attributes
text             0x00000000         0x00020000         xr
data             0x00800060         0x0000ffa0         rw !x
eeprom           0x00810000         0x00010000         rw !x
fuse             0x00820000         0x00000400         rw !x
lock             0x00830000         0x00000400         rw !x
signature        0x00840000         0x00000400         rw !x
user_signatures  0x00850000         0x00000400         rw !x
*default*        0x00000000         0xffffffff

Linker script and memory map

Address of section .data set to 0x800100
LOAD c:/program files (x86)/atmel/atmel toolchain/avr8 gcc/native/3.4.1061/avr8-gnu-toolchain/bin/../lib/gcc/avr/4.8.1/../../../../avr/lib/avr5/crtm169p.o
LOAD Lab3_2.o
LOAD Lab3_2.o
LOAD Lab3_2.o
LOAD Lab3_2.o
LOAD Lab3_2.o
LOAD Lab3_2.o
LOAD tinythreads.o
START GROUP
LOAD c:/program files (x86)/atmel/atmel toolchain/avr8 gcc/native/3.4.1061/avr8-gnu-toolchain/bin/../lib/gcc/avr/4.8.1/../../../../avr/lib/avr5\libm.a
END GROUP
START GROUP
LOAD c:/program files (x86)/atmel/atmel toolchain/avr8 gcc/native/3.4.1061/avr8-gnu-toolchain/bin/../lib/gcc/avr/4.8.1/avr5\libgcc.a
LOAD c:/program files (x86)/atmel/atmel toolchain/avr8 gcc/native/3.4.1061/avr8-gnu-toolchain/bin/../lib/gcc/avr/4.8.1/../../../../avr/lib/avr5\libm.a
LOAD c:/program files (x86)/atmel/atmel toolchain/avr8 gcc/native/3.4.1061/avr8-gnu-toolchain/bin/../lib/gcc/avr/4.8.1/../../../../avr/lib/avr5\libc.a
END GROUP

.hash
 *(.hash)

.dynsym
 *(.dynsym)

.dynstr
 *(.dynstr)

.gnu.version
 *(.gnu.version)

.gnu.version_d
 *(.gnu.version_d)

.gnu.version_r
 *(.gnu.version_r)

.rel.init
 *(.rel.init)

.rela.init
 *(.rela.init)

.rel.text
 *(.rel.text)
 *(.rel.text.*)
 *(.rel.gnu.linkonce.t*)

.rela.text
 *(.rela.text)
 *(.rela.text.*)
 *(.rela.gnu.linkonce.t*)

.rel.fini
 *(.rel.fini)

.rela.fini
 *(.rela.fini)

.rel.rodata
 *(.rel.rodata)
 *(.rel.rodata.*)
 *(.rel.gnu.linkonce.r*)

.rela.rodata
 *(.rela.rodata)
 *(.rela.rodata.*)
 *(.rela.gnu.linkonce.r*)

.rel.data
 *(.rel.data)
 *(.rel.data.*)
 *(.rel.gnu.linkonce.d*)

.rela.data
 *(.rela.data)
 *(.rela.data.*)
 *(.rela.gnu.linkonce.d*)

.rel.ctors
 *(.rel.ctors)

.rela.ctors
 *(.rela.ctors)

.rel.dtors
 *(.rel.dtors)

.rela.dtors
 *(.rela.dtors)

.rel.got
 *(.rel.got)

.rela.got
 *(.rela.got)

.rel.bss
 *(.rel.bss)

.rela.bss
 *(.rela.bss)

.rel.plt
 *(.rel.plt)

.rela.plt
 *(.rela.plt)

.text           0x00000000      0x910
 *(.vectors)
 .vectors       0x00000000       0x5c c:/program files (x86)/atmel/atmel toolchain/avr8 gcc/native/3.4.1061/avr8-gnu-toolchain/bin/../lib/gcc/avr/4.8.1/../../../../avr/lib/avr5/crtm169p.o
                0x00000000                __vector_default
                0x00000000                __vectors
 *(.vectors)
 *(.progmem.gcc*)
                0x0000005c                . = ALIGN (0x2)
                0x0000005c                __trampolines_start = .
 *(.trampolines)
 .trampolines   0x0000005c        0x0 linker stubs
 *(.trampolines*)
                0x0000005c                __trampolines_end = .
 *(.progmem*)
                0x0000005c                . = ALIGN (0x2)
 *(.jumptables)
 *(.jumptables*)
 *(.lowtext)
 *(.lowtext*)
                0x0000005c                __ctors_start = .
 *(.ctors)
                0x0000005c                __ctors_end = .
                0x0000005c                __dtors_start = .
 *(.dtors)
                0x0000005c                __dtors_end = .
 SORT(*)(.ctors)
 SORT(*)(.dtors)
 *(.init0)
 .init0         0x0000005c        0x0 c:/program files (x86)/atmel/atmel toolchain/avr8 gcc/native/3.4.1061/avr8-gnu-toolchain/bin/../lib/gcc/avr/4.8.1/../../../../avr/lib/avr5/crtm169p.o
                0x0000005c                __init
 *(.init0)
 *(.init1)
 *(.init1)
 *(.init2)
 .init2         0x0000005c        0xc c:/program files (x86)/atmel/atmel toolchain/avr8 gcc/native/3.4.1061/avr8-gnu-toolchain/bin/../lib/gcc/avr/4.8.1/../../../../avr/lib/avr5/crtm169p.o
 *(.init2)
 *(.init3)
 *(.init3)
 *(.init4)
 .init4         0x00000068       0x16 c:/program files (x86)/atmel/atmel toolchain/avr8 gcc/native/3.4.1061/avr8-gnu-toolchain/bin/../lib/gcc/avr/4.8.1/avr5\libgcc.a(_copy_data.o)
                0x00000068                __do_copy_data
 .init4         0x0000007e       0x10 c:/program files (x86)/atmel/atmel toolchain/avr8 gcc/native/3.4.1061/avr8-gnu-toolchain/bin/../lib/gcc/avr/4.8.1/avr5\libgcc.a(_clear_bss.o)
                0x0000007e                __do_clear_bss
 *(.init4)
 *(.init5)
 *(.init5)
 *(.init6)
 *(.init6)
 *(.init7)
 *(.init7)
 *(.init8)
 *(.init8)
 *(.init9)
 .init9         0x0000008e        0x8 c:/program files (x86)/atmel/atmel toolchain/avr8 gcc/native/3.4.1061/avr8-gnu-toolchain/bin/../lib/gcc/avr/4.8.1/../../../../avr/lib/avr5/crtm169p.o
 *(.init9)
 *(.text)
 .text          0x00000096        0x4 c:/program files (x86)/atmel/atmel toolchain/avr8 gcc/native/3.4.1061/avr8-gnu-toolchain/bin/../lib/gcc/avr/4.8.1/../../../../avr/lib/avr5/crtm169p.o
                0x00000096                __vector_22
                0x00000096                __vector_1
                0x00000096                __vector_12
                0x00000096                __bad_interrupt
                0x00000096                __vector_6
                0x00000096                __vector_11
                0x00000096                __vector_13
                0x00000096                __vector_17
                0x00000096                __vector_19
                0x00000096                __vector_5
                0x00000096                __vector_4
                0x00000096                __vector_9
                0x00000096                __vector_2
                0x00000096                __vector_21
                0x00000096                __vector_15
                0x00000096                __vector_8
                0x00000096                __vector_14
                0x00000096                __vector_10
                0x00000096                __vector_16
                0x00000096                __vector_18
                0x00000096                __vector_20
                0x0000009a                . = ALIGN (0x2)
 *(.text.*)
 .text.blink    0x0000009a       0x1c Lab3_2.o
                0x0000009a                blink
 .text.LCD_init
                0x000000b6       0x1a Lab3_2.o
                0x000000b6                LCD_init
 .text.is_prime
                0x000000d0       0x98 Lab3_2.o
                0x000000d0                is_prime
 .text.writeChar
                0x00000168      0x2c6 Lab3_2.o
                0x00000168                writeChar
 .text.printAt  0x0000042e       0x68 Lab3_2.o
                0x0000042e                printAt
 .text.computePrimes
                0x00000496       0x2c Lab3_2.o
                0x00000496                computePrimes
 .text.button   0x000004c2       0x22 Lab3_2.o
                0x000004c2                button
 .text.T_int_init
                0x000004e4       0x28 Lab3_2.o
                0x000004e4                T_int_init
 .text.__vector_7
                0x0000050c       0x50 Lab3_2.o
                0x0000050c                __vector_7
 .text.B_int_init
                0x0000055c        0xc Lab3_2.o
                0x0000055c                B_int_init
 .text.__vector_3
                0x00000568       0x54 Lab3_2.o
                0x00000568                __vector_3
 .text.main     0x000005bc       0x46 Lab3_2.o
                0x000005bc                main
 .text.enqueue  0x00000602       0x24 tinythreads.o
 .text.dequeue  0x00000626       0x1c tinythreads.o
 .text.dispatch
                0x00000642       0x40 tinythreads.o
 .text.spawn    0x00000682       0xea tinythreads.o
                0x00000682                spawn
 .text.yield    0x0000076c       0x28 tinythreads.o
                0x0000076c                yield
 .text.lock     0x00000794       0x38 tinythreads.o
                0x00000794                lock
 .text.unlock   0x000007cc       0x3c tinythreads.o
                0x000007cc                unlock
 .text.libgcc.div
                0x00000808       0x2e c:/program files (x86)/atmel/atmel toolchain/avr8 gcc/native/3.4.1061/avr8-gnu-toolchain/bin/../lib/gcc/avr/4.8.1/avr5\libgcc.a(_divmodsi4.o)
                0x00000808                __divmodsi4
 .text.libgcc.div
                0x00000836       0x10 c:/program files (x86)/atmel/atmel toolchain/avr8 gcc/native/3.4.1061/avr8-gnu-toolchain/bin/../lib/gcc/avr/4.8.1/avr5\libgcc.a(_negsi2.o)
                0x00000836                __negsi2
 .text.libgcc.div
                0x00000846       0x44 c:/program files (x86)/atmel/atmel toolchain/avr8 gcc/native/3.4.1061/avr8-gnu-toolchain/bin/../lib/gcc/avr/4.8.1/avr5\libgcc.a(_udivmodsi4.o)
                0x00000846                __udivmodsi4
 .text.avr-libc
                0x0000088a       0x82 c:/program files (x86)/atmel/atmel toolchain/avr8 gcc/native/3.4.1061/avr8-gnu-toolchain/bin/../lib/gcc/avr/4.8.1/../../../../avr/lib/avr5\libc.a(setjmp.o)
                0x0000088a                setjmp
                0x000008ca                longjmp
                0x0000090c                . = ALIGN (0x2)
 *(.fini9)
 .fini9         0x0000090c        0x0 c:/program files (x86)/atmel/atmel toolchain/avr8 gcc/native/3.4.1061/avr8-gnu-toolchain/bin/../lib/gcc/avr/4.8.1/avr5\libgcc.a(_exit.o)
                0x0000090c                _exit
                0x0000090c                exit
 *(.fini9)
 *(.fini8)
 *(.fini8)
 *(.fini7)
 *(.fini7)
 *(.fini6)
 *(.fini6)
 *(.fini5)
 *(.fini5)
 *(.fini4)
 *(.fini4)
 *(.fini3)
 *(.fini3)
 *(.fini2)
 *(.fini2)
 *(.fini1)
 *(.fini1)
 *(.fini0)
 .fini0         0x0000090c        0x4 c:/program files (x86)/atmel/atmel toolchain/avr8 gcc/native/3.4.1061/avr8-gnu-toolchain/bin/../lib/gcc/avr/4.8.1/avr5\libgcc.a(_exit.o)
 *(.fini0)
                0x00000910                _etext = .

.data           0x00800100       0x18 load address 0x00000910
                0x00800100                PROVIDE (__data_start, .)
 *(.data)
 *(.data*)
 .data.current  0x00800100        0x2 tinythreads.o
                0x00800100                current
 .data.freeQ    0x00800102        0x2 tinythreads.o
                0x00800102                freeQ
 *(.rodata)
 .rodata        0x00800104       0x14 Lab3_2.o
 *(.rodata*)
 *(.gnu.linkonce.d*)
                0x00800118                . = ALIGN (0x2)
                0x00800118                _edata = .
                0x00800118                PROVIDE (__data_end, .)

.bss            0x00800118      0x22d
                0x00800118                PROVIDE (__bss_start, .)
 *(.bss)
 *(.bss*)
 .bss.mbutton   0x00800118        0x4 Lab3_2.o
                0x00800118                mbutton
 .bss.mblink    0x0080011c        0x4 Lab3_2.o
                0x0080011c                mblink
 .bss.initialized
                0x00800120        0x2 tinythreads.o
                0x00800120                initialized
 .bss.readyQ    0x00800122        0x2 tinythreads.o
                0x00800122                readyQ
 *(COMMON)
 COMMON         0x00800124      0x221 tinythreads.o
                0x00800124                initp
                0x00800191                threads
                0x00800345                PROVIDE (__bss_end, .)
                0x00000910                __data_load_start = LOADADDR (.data)
                0x00000928                __data_load_end = (__data_load_start + SIZEOF (.data))

.noinit         0x00800345        0x0
                0x00800345                PROVIDE (__noinit_start, .)
 *(.noinit*)
                0x00800345                PROVIDE (__noinit_end, .)
                0x00800345                _end = .
                0x00800345                PROVIDE (__heap_start, .)

.eeprom         0x00810000        0x0
 *(.eeprom*)
                0x00810000                __eeprom_end = .

.fuse
 *(.fuse)
 *(.lfuse)
 *(.hfuse)
 *(.efuse)

.lock
 *(.lock*)

.signature
 *(.signature*)

.user_signatures
 *(.user_signatures*)

.stab
 *(.stab)

.stabstr
 *(.stabstr)

.stab.excl
 *(.stab.excl)

.stab.exclstr
 *(.stab.exclstr)

.stab.index
 *(.stab.index)

.stab.indexstr
 *(.stab.indexstr)

.comment        0x00000000       0x30
 *(.comment)
 .comment       0x00000000       0x30 Lab3_2.o
                                 0x31 (size before relaxing)
 .comment       0x00000000       0x31 tinythreads.o

.note.gnu.build-id
 *(.note.gnu.build-id)

.debug
 *(.debug)

.line
 *(.line)

.debug_srcinfo
 *(.debug_srcinfo)

.debug_sfnames
 *(.debug_sfnames)

.debug_aranges  0x00000000      0x100
 *(.debug_aranges)
 .debug_aranges
                0x00000000       0xa0 Lab3_2.o
 .debug_aranges
                0x000000a0       0x60 tinythreads.o

.debug_pubnames
 *(.debug_pubnames)

.debug_info     0x00000000      0xd17
 *(.debug_info .gnu.linkonce.wi.*)
 .debug_info    0x00000000      0x789 Lab3_2.o
 .debug_info    0x00000789      0x58e tinythreads.o

.debug_abbrev   0x00000000      0x4aa
 *(.debug_abbrev)
 .debug_abbrev  0x00000000      0x259 Lab3_2.o
 .debug_abbrev  0x00000259      0x251 tinythreads.o

.debug_line     0x00000000      0x3f5
 *(.debug_line .debug_line.* .debug_line_end)
 .debug_line    0x00000000      0x27c Lab3_2.o
 .debug_line    0x0000027c      0x179 tinythreads.o

.debug_frame    0x00000000      0x324
 *(.debug_frame)
 .debug_frame   0x00000000      0x240 Lab3_2.o
 .debug_frame   0x00000240       0xe4 tinythreads.o

.debug_str      0x00000000      0x329
 *(.debug_str)
 .debug_str     0x00000000      0x26e Lab3_2.o
                                0x2b9 (size before relaxing)
 .debug_str     0x0000026e       0xbb tinythreads.o
                                0x270 (size before relaxing)

.debug_loc      0x00000000      0xb72
 *(.debug_loc)
 .debug_loc     0x00000000      0x86c Lab3_2.o
 .debug_loc     0x0000086c      0x306 tinythreads.o

.debug_macinfo
 *(.debug_macinfo)

.debug_weaknames
 *(.debug_weaknames)

.debug_funcnames
 *(.debug_funcnames)

.debug_typenames
 *(.debug_typenames)

.debug_varnames
 *(.debug_varnames)

.debug_pubtypes
 *(.debug_pubtypes)

.debug_ranges   0x00000000       0xf8
 *(.debug_ranges)
 .debug_ranges  0x00000000       0xa8 Lab3_2.o
 .debug_ranges  0x000000a8       0x50 tinythreads.o

.debug_macro
 *(.debug_macro)
OUTPUT(Lab3.elf elf32-avr)
LOAD linker stubs
